#0 building with "desktop-linux" instance using docker driver

#1 [internal] load build definition from Dockerfile
#1 transferring dockerfile: 560B done
#1 DONE 0.0s

#2 [internal] load metadata for docker.io/library/node:20-alpine
#2 DONE 0.6s

#3 [internal] load .dockerignore
#3 transferring context: 190B done
#3 DONE 0.0s

#4 [1/8] FROM docker.io/library/node:20-alpine@sha256:658d0f63e501824d6c23e06d4bb95c71e7d704537c9d9272f488ac03a370d448
#4 resolve docker.io/library/node:20-alpine@sha256:658d0f63e501824d6c23e06d4bb95c71e7d704537c9d9272f488ac03a370d448 0.0s done
#4 DONE 0.0s

#5 [internal] load build context
#5 transferring context: 9.98kB 0.0s done
#5 DONE 0.0s

#6 [2/8] WORKDIR /app
#6 CACHED

#7 [3/8] RUN apk add --no-cache libc6-compat openssl
#7 CACHED

#8 [4/8] COPY package*.json ./
#8 CACHED

#9 [5/8] COPY prisma ./prisma/
#9 CACHED

#10 [6/8] RUN npm ci
#10 0.746 npm error code EUSAGE
#10 0.746 npm error
#10 0.746 npm error The `npm ci` command can only install with an existing package-lock.json or
#10 0.746 npm error npm-shrinkwrap.json with lockfileVersion >= 1. Run an install with npm@5 or
#10 0.746 npm error later to generate a package-lock.json file, then try again.
#10 0.746 npm error
#10 0.746 npm error Clean install a project
#10 0.746 npm error
#10 0.746 npm error Usage:
#10 0.746 npm error npm ci
#10 0.746 npm error
#10 0.746 npm error Options:
#10 0.746 npm error [--install-strategy <hoisted|nested|shallow|linked>] [--legacy-bundling]
#10 0.746 npm error [--global-style] [--omit <dev|optional|peer> [--omit <dev|optional|peer> ...]]
#10 0.746 npm error [--include <prod|dev|optional|peer> [--include <prod|dev|optional|peer> ...]]
#10 0.746 npm error [--strict-peer-deps] [--foreground-scripts] [--ignore-scripts] [--no-audit]
#10 0.746 npm error [--no-bin-links] [--no-fund] [--dry-run]
#10 0.746 npm error [-w|--workspace <workspace-name> [-w|--workspace <workspace-name> ...]]
#10 0.746 npm error [-ws|--workspaces] [--include-workspace-root] [--install-links]
#10 0.746 npm error
#10 0.746 npm error aliases: clean-install, ic, install-clean, isntall-clean
#10 0.746 npm error
#10 0.746 npm error Run "npm help ci" for more info
#10 0.748 npm error A complete log of this run can be found in: /root/.npm/_logs/2026-01-03T03_15_20_442Z-debug-0.log
#10 ERROR: process "/bin/sh -c npm ci" did not complete successfully: exit code: 1
------
 > [6/8] RUN npm ci:
0.746 npm error [--include <prod|dev|optional|peer> [--include <prod|dev|optional|peer> ...]]
0.746 npm error [--strict-peer-deps] [--foreground-scripts] [--ignore-scripts] [--no-audit]
0.746 npm error [--no-bin-links] [--no-fund] [--dry-run]
0.746 npm error [-w|--workspace <workspace-name> [-w|--workspace <workspace-name> ...]]
0.746 npm error [-ws|--workspaces] [--include-workspace-root] [--install-links]
0.746 npm error
0.746 npm error aliases: clean-install, ic, install-clean, isntall-clean
0.746 npm error
0.746 npm error Run "npm help ci" for more info
0.748 npm error A complete log of this run can be found in: /root/.npm/_logs/2026-01-03T03_15_20_442Z-debug-0.log
------
Dockerfile:15
--------------------
  13 |     
  14 |     # Install dependencies
  15 | >>> RUN npm ci
  16 |     
  17 |     # Generate Prisma client
--------------------
ERROR: failed to build: failed to solve: process "/bin/sh -c npm ci" did not complete successfully: exit code: 1

View build details: docker-desktop://dashboard/build/desktop-linux/desktop-linux/r2o54v2vpn69jivlvrats2ta4
